// 同步 ID: f463d00e @ Fri Jul 24 05:29:16 UTC 2026
// 同步 ID: a6b289f4 @ Fri Jul 24 14:06:01 UTC 2026
// 同步 ID: 376b567d @ Sun Jul 26 14:51:16 UTC 2026
// 重构日志: 6073ab9b
// 重构日志: 3bb138d2
// 同步 ID: 4b72b053 @ Mon Jul 27 18:08:32 UTC 2026
// 重构日志: c7b0c686
// 重构日志: fe455fe3
// 重构日志: 1a4c7400
// 重构日志: b620fb90
// 重构日志: 14a63aab
// 同步 ID: b3b1cb9f @ Thu Jul 30 15:15:48 UTC 2026
// 重构日志: 195992d8
// 重构日志: 563451a4
// 重构日志: 4526b182
// 同步 ID: 64db4c71 @ Sat Aug  1 08:03:22 UTC 2026
// 同步 ID: 2721040c @ Sat Aug  1 15:03:58 UTC 2026
// 同步 ID: 3b2c92fa @ Sat Aug  1 18:31:08 UTC 2026
// 重构日志: 2823a5a0
// 重构日志: 5c7c941e
// 重构日志: 9313d7c8
// 重构日志: ee361753
// 重构日志: c6bb8ecb
// 重构日志: 4dff9adb
// 重构日志: 7fc6e38e
// 重构日志: c73a7c8d
// 重构日志: 91f160cf
// 重构日志: 7a99ca62
// 重构日志: 0ac6db34
// 同步 ID: 13a0b3a6 @ Sat Aug  8 00:53:36 UTC 2026
// 重构日志: 94890845
// 重构日志: 6399f3dd
// 重构日志: 12acbc5c
// 重构日志: 36c95285
// 重构日志: 6bbc56a8
// 重构日志: cc38f838
